2026-10-01 12:59:24 - INFO - Login attempt for username: assa
2026-10-01 12:59:24 - WARNING - Failed login attempt for username: assa
2026-10-01 12:59:52 - INFO - Login attempt for username: admin
2026-10-01 12:59:52 - INFO - Successful login for user: admin
2026-10-01 13:07:34 - INFO - Aplikasi dimulai
2026-10-01 13:07:48 - INFO - Aplikasi dimulai
2026-10-01 13:07:51 - INFO - Aplikasi dimulai
2026-10-01 13:07:55 - INFO - Aplikasi dimulai
2026-10-01 13:08:01 - INFO - Login attempt for username: admin
2026-10-01 13:08:01 - INFO - Successful login for user: admin
2026-10-01 13:08:26 - INFO - Data submitted by user: admin - NIM: 12345678
2026-10-01 13:08:42 - INFO - Application closed by user: admin
2026-10-01 13:26:58 - INFO - Aplikasi dimulai
2026-10-01 13:27:08 - INFO - Login attempt for username: admin
2026-10-01 13:27:08 - INFO - Successful login for user: admin
2026-10-01 13:27:19 - INFO - User logout: admin
2026-10-01 13:27:25 - INFO - Login attempt for username: e
2026-10-01 13:27:25 - WARNING - Username too short: e
2026-10-01 13:27:33 - INFO - Login attempt for username: aededede
2026-10-01 13:27:33 - WARNING - Failed login attempt for username: aededede
2026-10-04 13:26:00 - INFO - Aplikasi dimulai
2026-10-04 13:26:06 - INFO - Login attempt for username: admin
2026-10-04 13:26:06 - INFO - Successful login for user: admin
2026-10-04 13:26:09 - INFO - User logout: admin
2026-10-04 13:26:45 - INFO - Aplikasi dimulai
2026-10-04 13:26:54 - INFO - Login attempt for username: user1
2026-10-04 13:26:54 - INFO - Successful login for user: user1
2026-10-04 13:27:12 - INFO - Data submitted by user: user1 - NIM: 10101202
2026-10-04 13:27:21 - INFO - User logout: user1
2026-10-04 13:40:45 - INFO - Aplikasi dimulai
2026-10-04 13:41:04 - INFO - Login attempt for username: admin
2026-10-04 13:41:04 - INFO - Successful login for user: admin
2026-10-04 13:42:53 - INFO - Data submitted by user: admin - NIM: 00000000
2026-10-04 13:44:22 - INFO - Aplikasi dimulai
2026-10-04 13:44:28 - INFO - Login attempt for username: admin
2026-10-04 13:44:28 - WARNING - Failed login attempt for username: admin
2026-10-04 13:44:32 - INFO - Login attempt for username: admin
2026-10-04 13:44:32 - INFO - Successful login for user: admin
2026-10-04 13:45:34 - INFO - Data submitted by user: admin - NIM: 00000000
2026-10-04 13:46:15 - INFO - Application closed by user: admin
